[dotenv@17.2.4] injecting env (15) from .env.test -- tip: ­ƒøá´©Å  run anywhere with `dotenvx run -- yourcommand`

 RUN  v4.0.18 D:/PKL/Typescript/paymentkit2/api

stdout | src/integration/payment-flow.test.ts
[dotenv@17.2.4] injecting env (0) from .env.test -- tip: ÔÜÖ´©Å  load multiple .env files with { path: ['.env.local', '.env'] }

stdout | src/integration/payment-flow.test.ts > Big Bang Integration Test: Payment Flow
--- STARTING INTEGRATION TEST SETUP ---

stdout | src/integration/payment-flow.test.ts > Big Bang Integration Test: Payment Flow
Database initialized
Migrator obtained

stdout | src/integration/payment-flow.test.ts > Big Bang Integration Test: Payment Flow
[90m[migrator] [39mProcessing 'Migration20260210035521'

node.exe : stderr | 
src/integration/payment-flow.test.ts > Big 
Bang Integration Test: Payment Flow
At C:\Users\fatur\AppData\Roaming\npm\pnpm.ps1
:24 char:5
+     & "node$exe"  
"$basedir/node_modules/pnpm/bin/pnpm.cjs" 
$args
+     ~~~~~~~~~~~~~~~~~~~~~~~~~~~~~~~~~~~~~~~~
~~~~~~~~~~~~~~~~~~~~~
    + CategoryInfo          : NotSpecified: 
(s    tderr | src/in...t: Payment 
Flow:String) [    ], RemoteException
    + FullyQualifiedErrorId : 
NativeCommandErr    or
 
--- SETUP FAILED ---
MigrationError: Migration 
Migration20260210035521 (up) failed: Original 
error: Unexpected token 'async'
    at [90mD:\PKL\Typescript\paymentkit2\api\
[39mnode_modules\[4m.pnpm[24m\umzug@3.8.2_@
types+node@25.2.2\node_modules\[4mumzug[24m\
lib\umzug.js:170:27
[90m    at processTicksAndRejections 
(node:internal/process/task_queues:105:5)[39m
    at Umzug.runCommand [90m(D:\PKL\Typescrip
t\paymentkit2\api\[39mnode_modules\[4m.pnpm
[24m\umzug@3.8.2_@types+node@25.2.2\node_modul
es\[4mumzug[24m\lib\umzug.js:126:20[90m)[3
9m
    at Migrator.runInTransaction [90m(D:\PKL\
Typescript\paymentkit2\api\[39mnode_modules\
[4m.pnpm[24m\@mikro-orm+migrations@6.6.6_fa9c
4e8fb8974323d9aa8924570683cc\node_modules\[4m
@mikro-orm[24m\migrations\Migrator.js:332:21
[90m)[39m
    at MySqlConnection.transactional [90m(D:\
PKL\Typescript\paymentkit2\api\[39mnode_modul
es\[4m.pnpm[24m\@mikro-orm+knex@6.6.6_@mikr_
1671f1c67466dd1c17b4c17c9d7e5afa\node_modules\
[4m@mikro-orm[24m\knex\AbstractSqlConnection
.js:58:25[90m)[39m
    at D:/PKL/Typescript/paymentkit2/api/src/i
ntegration/payment-flow.test.ts:20:7 {
  cause: SyntaxError: Unexpected token 'async'
  [90m    at compileSourceTextModule 
(node:internal/modules/esm/utils:344:16)[39m
  [90m    at 
ModuleLoader.importSyncForRequire 
(node:internal/modules/esm/loader:420:18)[39m
  [90m    at loadESMFromCJS (node:internal/mo
dules/cjs/loader:1561:24)[39m
  [90m    at Module._compile 
(node:internal/modules/cjs/loader:1712:5)[39m
  [90m    at Object..js (node:internal/module
s/cjs/loader:1895:10)[39m
  [90m    at Module.load (node:internal/modul
es/cjs/loader:1465:32)[39m
  [90m    at Function._load (node:internal/mo
dules/cjs/loader:1282:12)[39m
  [90m    at TracingChannel.traceSync 
(node:diagnostics_channel:322:14)[39m
  [90m    at wrapModuleLoad 
(node:internal/modules/cjs/loader:235:24)[39m
  [90m    at Module.require (node:internal/mo
dules/cjs/loader:1487:12)[39m,
  jse_cause: SyntaxError: Unexpected token 
'async'
  [90m    at compileSourceTextModule 
(node:internal/modules/esm/utils:344:16)[39m
  [90m    at 
ModuleLoader.importSyncForRequire 
(node:internal/modules/esm/loader:420:18)[39m
  [90m    at loadESMFromCJS (node:internal/mo
dules/cjs/loader:1561:24)[39m
  [90m    at Module._compile 
(node:internal/modules/cjs/loader:1712:5)[39m
  [90m    at Object..js (node:internal/module
s/cjs/loader:1895:10)[39m
  [90m    at Module.load (node:internal/modul
es/cjs/loader:1465:32)[39m
  [90m    at Function._load (node:internal/mo
dules/cjs/loader:1282:12)[39m
  [90m    at TracingChannel.traceSync 
(node:diagnostics_channel:322:14)[39m
  [90m    at wrapModuleLoad 
(node:internal/modules/cjs/loader:235:24)[39m
  [90m    at Module.require (node:internal/mo
dules/cjs/loader:1487:12)[39m,
  migration: {
    direction: [32m'up'[39m,
    name: [32m'Migration20260210035521'[39m,
    path: [32m'D:\\PKL\\Typescript\\paymentki
t2\\api\\src\\database\\migrations\\Migration2
0260210035521.ts'[39m,
    context: {}
  }
}

 ÔØ» src/integration/payment-flow.test.ts (1 test | 1 skipped) 307ms
     Ôåô should process a payment from API to Database and RabbitMQ

ÔÄ»ÔÄ»ÔÄ»ÔÄ»ÔÄ»ÔÄ» Failed Suites 1 
ÔÄ»ÔÄ»ÔÄ»ÔÄ»ÔÄ»ÔÄ»ÔÄ»

 FAIL  src/integration/payment-flow.test.ts > 
Big Bang Integration Test: Payment Flow
MigrationError: Migration 
Migration20260210035521 (up) failed: Original 
error: Unexpected token 'async'
 ÔØ» node_modules/.pnpm/umzug@3.8.2_@types+nod
e@25.2.2/node_modules/umzug/lib/umzug.js:170:2
7
 ÔØ» Umzug.runCommand node_modules/.pnpm/umzug
@3.8.2_@types+node@25.2.2/node_modules/umzug/l
ib/umzug.js:126:20
 ÔØ» Migrator.runInTransaction node_modules/.p
npm/@mikro-orm+migrations@6.6.6_fa9c4e8fb89743
23d9aa8924570683cc/node_modules/@mikro-orm/mig
rations/Migrator.js:332:21
 ÔØ» MySqlConnection.transactional node_module
s/.pnpm/@mikro-orm+knex@6.6.6_@mikr_1671f1c674
66dd1c17b4c17c9d7e5afa/node_modules/@mikro-orm
/knex/AbstractSqlConnection.js:58:25
 ÔØ» src/integration/payment-flow.test.ts:20:7
     18|       const migrator = 
ormInstance.getMigrator();
     19|       console.log('Migrator 
obtained');
     20|       await migrator.up();
       |       ^
     21|       console.log('Migrations 
completed');
     22|       

Caused by: SyntaxError: Unexpected token 
'async'
ÔÄ»ÔÄ»ÔÄ»ÔÄ»ÔÄ»ÔÄ»ÔÄ»ÔÄ»ÔÄ»ÔÄ»ÔÄ»ÔÄ»ÔÄ»ÔÄ»ÔÄ»Ô
Ä»ÔÄ»ÔÄ»ÔÄ»ÔÄ»ÔÄ»ÔÄ»ÔÄ»ÔÄ»[1/1]ÔÄ»


 Test Files  1 failed (1)
      Tests  1 skipped (1)
   Start at  06:14:13
   Duration  3.34s (transform 395ms, setup 0ms, import 2.64s, tests 307ms, environment 0ms)

